// Vitest Snapshot v1, https://vitest.dev/guide/snapshot.html

exports[`scroll view components render correctly 1`] = `
<Modal
  hardwareAccelerated={false}
  visible={true}
>
  <Text>
    Hello, world!
  </Text>
</Modal>
`;
